Archive member included to satisfy reference by file (symbol)

c:/program files (x86)/gnu tools arm embedded/5.4 2016q3/bin/../lib/gcc/arm-none-eabi/5.4.1/armv7e-m\libgcc.a(_arm_addsubsf3.o)
                              ..\obj\main.o (__aeabi_fsub)
c:/program files (x86)/gnu tools arm embedded/5.4 2016q3/bin/../lib/gcc/arm-none-eabi/5.4.1/armv7e-m\libgcc.a(_arm_muldivsf3.o)
                              ..\obj\main.o (__aeabi_fmul)
c:/program files (x86)/gnu tools arm embedded/5.4 2016q3/bin/../lib/gcc/arm-none-eabi/5.4.1/armv7e-m\libgcc.a(_arm_cmpsf2.o)
                              ..\obj\main.o (__aeabi_fcmplt)

Allocating common symbols
Common symbol       size              file

ADC_Result1         0x4               ..\obj\main.o
temp                0x4               ..\obj\main.o
Liczba1             0x4               ..\obj\main.o
C                   0x4               ..\obj\main.o
ADC_Result2         0x4               ..\obj\main.o
Liczba2             0x4               ..\obj\main.o
a                   0x4               ..\obj\main.o

Discarded input sections

 .text          0x00000000        0x0 ..\obj\stm32f4xx_syscfg.o
 .data          0x00000000        0x0 ..\obj\stm32f4xx_syscfg.o
 .bss           0x00000000        0x0 ..\obj\stm32f4xx_syscfg.o
 .text.SYSCFG_DeInit
                0x00000000       0x1c ..\obj\stm32f4xx_syscfg.o
 .text.SYSCFG_MemoryRemapConfig
                0x00000000       0x20 ..\obj\stm32f4xx_syscfg.o
 .text.SYSCFG_EXTILineConfig
                0x00000000       0x84 ..\obj\stm32f4xx_syscfg.o
 .text.SYSCFG_ETH_MediaInterfaceConfig
                0x00000000       0x1c ..\obj\stm32f4xx_syscfg.o
 .text.SYSCFG_CompensationCellCmd
                0x00000000       0x20 ..\obj\stm32f4xx_syscfg.o
 .text.SYSCFG_GetCompensationCellStatus
                0x00000000       0x30 ..\obj\stm32f4xx_syscfg.o
 .debug_info    0x00000000      0x274 ..\obj\stm32f4xx_syscfg.o
 .debug_abbrev  0x00000000      0x133 ..\obj\stm32f4xx_syscfg.o
 .debug_aranges
                0x00000000       0x48 ..\obj\stm32f4xx_syscfg.o
 .debug_ranges  0x00000000       0x38 ..\obj\stm32f4xx_syscfg.o
 .debug_line    0x00000000      0x240 ..\obj\stm32f4xx_syscfg.o
 .debug_str     0x00000000      0x2fb ..\obj\stm32f4xx_syscfg.o
 .comment       0x00000000       0x6f ..\obj\stm32f4xx_syscfg.o
 .debug_frame   0x00000000       0xf4 ..\obj\stm32f4xx_syscfg.o
 .ARM.attributes
                0x00000000       0x33 ..\obj\stm32f4xx_syscfg.o
 .text          0x00000000        0x0 ..\obj\stm32f4xx_usart.o
 .data          0x00000000        0x0 ..\obj\stm32f4xx_usart.o
 .bss           0x00000000        0x0 ..\obj\stm32f4xx_usart.o
 .text.USART_DeInit
                0x00000000       0xd4 ..\obj\stm32f4xx_usart.o
 .text.USART_StructInit
                0x00000000       0x38 ..\obj\stm32f4xx_usart.o
 .text.USART_ClockInit
                0x00000000       0x54 ..\obj\stm32f4xx_usart.o
 .text.USART_ClockStructInit
                0x00000000       0x2c ..\obj\stm32f4xx_usart.o
 .text.USART_SetPrescaler
                0x00000000       0x38 ..\obj\stm32f4xx_usart.o
 .text.USART_OverSampling8Cmd
                0x00000000       0x44 ..\obj\stm32f4xx_usart.o
 .text.USART_OneBitMethodCmd
                0x00000000       0x40 ..\obj\stm32f4xx_usart.o
 .text.USART_SendData
                0x00000000       0x24 ..\obj\stm32f4xx_usart.o
 .text.USART_ReceiveData
                0x00000000       0x20 ..\obj\stm32f4xx_usart.o
 .text.USART_SetAddress
                0x00000000       0x38 ..\obj\stm32f4xx_usart.o
 .text.USART_ReceiverWakeUpCmd
                0x00000000       0x40 ..\obj\stm32f4xx_usart.o
 .text.USART_WakeUpConfig
                0x00000000       0x38 ..\obj\stm32f4xx_usart.o
 .text.USART_LINBreakDetectLengthConfig
                0x00000000       0x38 ..\obj\stm32f4xx_usart.o
 .text.USART_LINCmd
                0x00000000       0x40 ..\obj\stm32f4xx_usart.o
 .text.USART_SendBreak
                0x00000000       0x24 ..\obj\stm32f4xx_usart.o
 .text.USART_HalfDuplexCmd
                0x00000000       0x40 ..\obj\stm32f4xx_usart.o
 .text.USART_SetGuardTime
                0x00000000       0x3c ..\obj\stm32f4xx_usart.o
 .text.USART_SmartCardCmd
                0x00000000       0x40 ..\obj\stm32f4xx_usart.o
 .text.USART_SmartCardNACKCmd
                0x00000000       0x40 ..\obj\stm32f4xx_usart.o
 .text.USART_IrDAConfig
                0x00000000       0x38 ..\obj\stm32f4xx_usart.o
 .text.USART_IrDACmd
                0x00000000       0x40 ..\obj\stm32f4xx_usart.o
 .text.USART_DMACmd
                0x00000000       0x48 ..\obj\stm32f4xx_usart.o
 .text.USART_GetFlagStatus
                0x00000000       0x38 ..\obj\stm32f4xx_usart.o
 .text.USART_ClearFlag
                0x00000000       0x20 ..\obj\stm32f4xx_usart.o
 .text.USART_ClearITPendingBit
                0x00000000       0x38 ..\obj\stm32f4xx_usart.o
 .text          0x00000000        0x0 ..\obj\stm32f4xx_dac.o
 .data          0x00000000        0x0 ..\obj\stm32f4xx_dac.o
 .bss           0x00000000        0x0 ..\obj\stm32f4xx_dac.o
 .text.DAC_DeInit
                0x00000000       0x1c ..\obj\stm32f4xx_dac.o
 .text.DAC_Init
                0x00000000       0x64 ..\obj\stm32f4xx_dac.o
 .text.DAC_StructInit
                0x00000000       0x2c ..\obj\stm32f4xx_dac.o
 .text.DAC_Cmd  0x00000000       0x48 ..\obj\stm32f4xx_dac.o
 .text.DAC_SoftwareTriggerCmd
                0x00000000       0x4c ..\obj\stm32f4xx_dac.o
 .text.DAC_DualSoftwareTriggerCmd
                0x00000000       0x38 ..\obj\stm32f4xx_dac.o
 .text.DAC_WaveGenerationCmd
                0x00000000       0x4c ..\obj\stm32f4xx_dac.o
 .text.DAC_SetChannel1Data
                0x00000000       0x34 ..\obj\stm32f4xx_dac.o
 .text.DAC_SetChannel2Data
                0x00000000       0x34 ..\obj\stm32f4xx_dac.o
 .text.DAC_SetDualChannelData
                0x00000000       0x58 ..\obj\stm32f4xx_dac.o
 .text.DAC_GetDataOutputValue
                0x00000000       0x30 ..\obj\stm32f4xx_dac.o
 .text.DAC_DMACmd
                0x00000000       0x4c ..\obj\stm32f4xx_dac.o
 .text.DAC_ITConfig
                0x00000000       0x4c ..\obj\stm32f4xx_dac.o
 .text.DAC_GetFlagStatus
                0x00000000       0x3c ..\obj\stm32f4xx_dac.o
 .text.DAC_ClearFlag
                0x00000000       0x24 ..\obj\stm32f4xx_dac.o
 .text.DAC_GetITStatus
                0x00000000       0x54 ..\obj\stm32f4xx_dac.o
 .text.DAC_ClearITPendingBit
                0x00000000       0x24 ..\obj\stm32f4xx_dac.o
 .debug_info    0x00000000      0x642 ..\obj\stm32f4xx_dac.o
 .debug_abbrev  0x00000000      0x17e ..\obj\stm32f4xx_dac.o
 .debug_aranges
                0x00000000       0xa0 ..\obj\stm32f4xx_dac.o
 .debug_ranges  0x00000000       0x90 ..\obj\stm32f4xx_dac.o
 .debug_line    0x00000000      0x38e ..\obj\stm32f4xx_dac.o
 .debug_str     0x00000000      0x45a ..\obj\stm32f4xx_dac.o
 .comment       0x00000000       0x6f ..\obj\stm32f4xx_dac.o
 .debug_frame   0x00000000      0x2ac ..\obj\stm32f4xx_dac.o
 .ARM.attributes
                0x00000000       0x33 ..\obj\stm32f4xx_dac.o
 .text          0x00000000        0x0 ..\obj\startup_stm32f4xx.o
 .data          0x00000000        0x0 ..\obj\startup_stm32f4xx.o
 .bss           0x00000000        0x0 ..\obj\startup_stm32f4xx.o
 .text          0x00000000        0x0 ..\obj\main.o
 .bss           0x00000000        0x0 ..\obj\main.o
 .text          0x00000000        0x0 ..\obj\stm32f4xx_rcc.o
 .bss           0x00000000        0x0 ..\obj\stm32f4xx_rcc.o
 .text.RCC_DeInit
                0x00000000       0x50 ..\obj\stm32f4xx_rcc.o
 .text.RCC_HSEConfig
                0x00000000       0x24 ..\obj\stm32f4xx_rcc.o
 .text.RCC_WaitForHSEStartUp
                0x00000000       0x50 ..\obj\stm32f4xx_rcc.o
 .text.RCC_AdjustHSICalibrationValue
                0x00000000       0x3c ..\obj\stm32f4xx_rcc.o
 .text.RCC_HSICmd
                0x00000000       0x20 ..\obj\stm32f4xx_rcc.o
 .text.RCC_LSEConfig
                0x00000000       0x40 ..\obj\stm32f4xx_rcc.o
 .text.RCC_LSICmd
                0x00000000       0x20 ..\obj\stm32f4xx_rcc.o
 .text.RCC_PLLConfig
                0x00000000       0x3c ..\obj\stm32f4xx_rcc.o
 .text.RCC_PLLCmd
                0x00000000       0x20 ..\obj\stm32f4xx_rcc.o
 .text.RCC_PLLI2SConfig
                0x00000000       0x28 ..\obj\stm32f4xx_rcc.o
 .text.RCC_PLLI2SCmd
                0x00000000       0x20 ..\obj\stm32f4xx_rcc.o
 .text.RCC_ClockSecuritySystemCmd
                0x00000000       0x20 ..\obj\stm32f4xx_rcc.o
 .text.RCC_MCO1Config
                0x00000000       0x3c ..\obj\stm32f4xx_rcc.o
 .text.RCC_MCO2Config
                0x00000000       0x3c ..\obj\stm32f4xx_rcc.o
 .text.RCC_SYSCLKConfig
                0x00000000       0x38 ..\obj\stm32f4xx_rcc.o
 .text.RCC_GetSYSCLKSource
                0x00000000       0x1c ..\obj\stm32f4xx_rcc.o
 .text.RCC_HCLKConfig
                0x00000000       0x38 ..\obj\stm32f4xx_rcc.o
 .text.RCC_PCLK1Config
                0x00000000       0x38 ..\obj\stm32f4xx_rcc.o
 .text.RCC_PCLK2Config
                0x00000000       0x38 ..\obj\stm32f4xx_rcc.o
 .text.RCC_RTCCLKConfig
                0x00000000       0x5c ..\obj\stm32f4xx_rcc.o
 .text.RCC_RTCCLKCmd
                0x00000000       0x20 ..\obj\stm32f4xx_rcc.o
 .text.RCC_BackupResetCmd
                0x00000000       0x20 ..\obj\stm32f4xx_rcc.o
 .text.RCC_I2SCLKConfig
                0x00000000       0x1c ..\obj\stm32f4xx_rcc.o
 .text.RCC_AHB2PeriphClockCmd
                0x00000000       0x3c ..\obj\stm32f4xx_rcc.o
 .text.RCC_AHB3PeriphClockCmd
                0x00000000       0x3c ..\obj\stm32f4xx_rcc.o
 .text.RCC_AHB1PeriphResetCmd
                0x00000000       0x3c ..\obj\stm32f4xx_rcc.o
 .text.RCC_AHB2PeriphResetCmd
                0x00000000       0x3c ..\obj\stm32f4xx_rcc.o
 .text.RCC_AHB3PeriphResetCmd
                0x00000000       0x3c ..\obj\stm32f4xx_rcc.o
 .text.RCC_APB1PeriphResetCmd
                0x00000000       0x3c ..\obj\stm32f4xx_rcc.o
 .text.RCC_APB2PeriphResetCmd
                0x00000000       0x3c ..\obj\stm32f4xx_rcc.o
 .text.RCC_AHB1PeriphClockLPModeCmd
                0x00000000       0x3c ..\obj\stm32f4xx_rcc.o
 .text.RCC_AHB2PeriphClockLPModeCmd
                0x00000000       0x3c ..\obj\stm32f4xx_rcc.o
 .text.RCC_AHB3PeriphClockLPModeCmd
                0x00000000       0x3c ..\obj\stm32f4xx_rcc.o
 .text.RCC_APB1PeriphClockLPModeCmd
                0x00000000       0x3c ..\obj\stm32f4xx_rcc.o
 .text.RCC_APB2PeriphClockLPModeCmd
                0x00000000       0x3c ..\obj\stm32f4xx_rcc.o
 .text.RCC_ITConfig
                0x00000000       0x4c ..\obj\stm32f4xx_rcc.o
 .text.RCC_GetFlagStatus
                0x00000000       0x74 ..\obj\stm32f4xx_rcc.o
 .text.RCC_ClearFlag
                0x00000000       0x1c ..\obj\stm32f4xx_rcc.o
 .text.RCC_GetITStatus
                0x00000000       0x34 ..\obj\stm32f4xx_rcc.o
 .text.RCC_ClearITPendingBit
                0x00000000       0x20 ..\obj\stm32f4xx_rcc.o
 .text          0x00000000        0x0 ..\obj\stm32f4xx_adc.o
 .data          0x00000000        0x0 ..\obj\stm32f4xx_adc.o
 .bss           0x00000000        0x0 ..\obj\stm32f4xx_adc.o
 .text.ADC_DeInit
                0x00000000       0x1c ..\obj\stm32f4xx_adc.o
 .text.ADC_StructInit
                0x00000000       0x3c ..\obj\stm32f4xx_adc.o
 .text.ADC_CommonStructInit
                0x00000000       0x2c ..\obj\stm32f4xx_adc.o
 .text.ADC_AnalogWatchdogCmd
                0x00000000       0x38 ..\obj\stm32f4xx_adc.o
 .text.ADC_AnalogWatchdogThresholdsConfig
                0x00000000       0x28 ..\obj\stm32f4xx_adc.o
 .text.ADC_AnalogWatchdogSingleChannelConfig
                0x00000000       0x38 ..\obj\stm32f4xx_adc.o
 .text.ADC_TempSensorVrefintCmd
                0x00000000       0x38 ..\obj\stm32f4xx_adc.o
 .text.ADC_VBATCmd
                0x00000000       0x38 ..\obj\stm32f4xx_adc.o
 .text.ADC_GetSoftwareStartConvStatus
                0x00000000       0x30 ..\obj\stm32f4xx_adc.o
 .text.ADC_EOCOnEachRegularChannelCmd
                0x00000000       0x38 ..\obj\stm32f4xx_adc.o
 .text.ADC_ContinuousModeCmd
                0x00000000       0x38 ..\obj\stm32f4xx_adc.o
 .text.ADC_DiscModeChannelCountConfig
                0x00000000       0x44 ..\obj\stm32f4xx_adc.o
 .text.ADC_DiscModeCmd
                0x00000000       0x38 ..\obj\stm32f4xx_adc.o
 .text.ADC_GetMultiModeConversionValue
                0x00000000       0x14 ..\obj\stm32f4xx_adc.o
 .text.ADC_DMACmd
                0x00000000       0x38 ..\obj\stm32f4xx_adc.o
 .text.ADC_DMARequestAfterLastTransferCmd
                0x00000000       0x38 ..\obj\stm32f4xx_adc.o
 .text.ADC_MultiModeDMARequestAfterLastTransferCmd
                0x00000000       0x38 ..\obj\stm32f4xx_adc.o
 .text.ADC_InjectedChannelConfig
                0x00000000      0x120 ..\obj\stm32f4xx_adc.o
 .text.ADC_InjectedSequencerLengthConfig
                0x00000000       0x44 ..\obj\stm32f4xx_adc.o
 .text.ADC_SetInjectedOffset
                0x00000000       0x34 ..\obj\stm32f4xx_adc.o
 .text.ADC_ExternalTrigInjectedConvConfig
                0x00000000       0x34 ..\obj\stm32f4xx_adc.o
 .text.ADC_ExternalTrigInjectedConvEdgeConfig
                0x00000000       0x34 ..\obj\stm32f4xx_adc.o
 .text.ADC_SoftwareStartInjectedConv
                0x00000000       0x20 ..\obj\stm32f4xx_adc.o
 .text.ADC_GetSoftwareStartInjectedConvCmdStatus
                0x00000000       0x30 ..\obj\stm32f4xx_adc.o
 .text.ADC_AutoInjectedConvCmd
                0x00000000       0x38 ..\obj\stm32f4xx_adc.o
 .text.ADC_InjectedDiscModeCmd
                0x00000000       0x38 ..\obj\stm32f4xx_adc.o
 .text.ADC_GetInjectedConversionValue
                0x00000000       0x30 ..\obj\stm32f4xx_adc.o
 .text.ADC_ITConfig
                0x00000000       0x50 ..\obj\stm32f4xx_adc.o
 .text.ADC_ClearFlag
                0x00000000       0x20 ..\obj\stm32f4xx_adc.o
 .text.ADC_GetITStatus
                0x00000000       0x5c ..\obj\stm32f4xx_adc.o
 .text.ADC_ClearITPendingBit
                0x00000000       0x2c ..\obj\stm32f4xx_adc.o
 .text          0x00000000        0x0 ..\obj\stm32f4xx_gpio.o
 .data          0x00000000        0x0 ..\obj\stm32f4xx_gpio.o
 .bss           0x00000000        0x0 ..\obj\stm32f4xx_gpio.o
 .text.GPIO_DeInit
                0x00000000      0x120 ..\obj\stm32f4xx_gpio.o
 .text.GPIO_StructInit
                0x00000000       0x34 ..\obj\stm32f4xx_gpio.o
 .text.GPIO_PinLockConfig
                0x00000000       0x44 ..\obj\stm32f4xx_gpio.o
 .text.GPIO_ReadInputDataBit
                0x00000000       0x34 ..\obj\stm32f4xx_gpio.o
 .text.GPIO_ReadInputData
                0x00000000       0x18 ..\obj\stm32f4xx_gpio.o
 .text.GPIO_ReadOutputDataBit
                0x00000000       0x34 ..\obj\stm32f4xx_gpio.o
 .text.GPIO_ReadOutputData
                0x00000000       0x18 ..\obj\stm32f4xx_gpio.o
 .text.GPIO_WriteBit
                0x00000000       0x30 ..\obj\stm32f4xx_gpio.o
 .text.GPIO_Write
                0x00000000       0x1c ..\obj\stm32f4xx_gpio.o
 .text.GPIO_ToggleBits
                0x00000000       0x24 ..\obj\stm32f4xx_gpio.o
 .text          0x00000000        0x0 ..\obj\system_stm32f4xx.o
 .data          0x00000000       0x14 ..\obj\system_stm32f4xx.o
 .bss           0x00000000        0x0 ..\obj\system_stm32f4xx.o
 .text.SystemCoreClockUpdate
                0x00000000       0xf8 ..\obj\system_stm32f4xx.o
 .text          0x00000000        0x0 ..\obj\syscalls.o
 .data          0x00000000        0x0 ..\obj\syscalls.o
 .bss           0x00000000        0x4 ..\obj\syscalls.o
 .text._sbrk    0x00000000       0x3c ..\obj\syscalls.o
 .text.link     0x00000000       0x18 ..\obj\syscalls.o
 .text._close   0x00000000       0x18 ..\obj\syscalls.o
 .text._fstat   0x00000000       0x20 ..\obj\syscalls.o
 .text._isatty  0x00000000       0x14 ..\obj\syscalls.o
 .text._lseek   0x00000000       0x18 ..\obj\syscalls.o
 .text._read    0x00000000       0x18 ..\obj\syscalls.o
 .text._write   0x00000000       0x18 ..\obj\syscalls.o
 .text.abort    0x00000000        0x8 ..\obj\syscalls.o
 .debug_info    0x00000000      0x458 ..\obj\syscalls.o
 .debug_abbrev  0x00000000       0xe5 ..\obj\syscalls.o
 .debug_aranges
                0x00000000       0x60 ..\obj\syscalls.o
 .debug_ranges  0x00000000       0x50 ..\obj\syscalls.o
 .debug_line    0x00000000      0x1f2 ..\obj\syscalls.o
 .debug_str     0x00000000      0x349 ..\obj\syscalls.o
 .comment       0x00000000       0x6f ..\obj\syscalls.o
 .debug_frame   0x00000000      0x168 ..\obj\syscalls.o
 .ARM.attributes
                0x00000000       0x33 ..\obj\syscalls.o
 .text          0x00000000        0x0 ..\obj\stm32f4xx_exti.o
 .data          0x00000000        0x0 ..\obj\stm32f4xx_exti.o
 .bss           0x00000000        0x0 ..\obj\stm32f4xx_exti.o
 .text.EXTI_DeInit
                0x00000000       0x34 ..\obj\stm32f4xx_exti.o
 .text.EXTI_Init
                0x00000000       0xe4 ..\obj\stm32f4xx_exti.o
 .text.EXTI_StructInit
                0x00000000       0x2c ..\obj\stm32f4xx_exti.o
 .text.EXTI_GenerateSWInterrupt
                0x00000000       0x24 ..\obj\stm32f4xx_exti.o
 .text.EXTI_GetFlagStatus
                0x00000000       0x34 ..\obj\stm32f4xx_exti.o
 .text.EXTI_ClearFlag
                0x00000000       0x1c ..\obj\stm32f4xx_exti.o
 .text.EXTI_GetITStatus
                0x00000000       0x48 ..\obj\stm32f4xx_exti.o
 .text.EXTI_ClearITPendingBit
                0x00000000       0x1c ..\obj\stm32f4xx_exti.o
 .debug_info    0x00000000      0x357 ..\obj\stm32f4xx_exti.o
 .debug_abbrev  0x00000000      0x1a9 ..\obj\stm32f4xx_exti.o
 .debug_aranges
                0x00000000       0x58 ..\obj\stm32f4xx_exti.o
 .debug_ranges  0x00000000       0x48 ..\obj\stm32f4xx_exti.o
 .debug_line    0x00000000      0x2dd ..\obj\stm32f4xx_exti.o
 .debug_str     0x00000000      0x360 ..\obj\stm32f4xx_exti.o
 .comment       0x00000000       0x6f ..\obj\stm32f4xx_exti.o
 .debug_frame   0x00000000      0x148 ..\obj\stm32f4xx_exti.o
 .ARM.attributes
                0x00000000       0x33 ..\obj\stm32f4xx_exti.o
 .text          0x00000000        0x0 ..\obj\misc.o
 .data          0x00000000        0x0 ..\obj\misc.o
 .bss           0x00000000        0x0 ..\obj\misc.o
 .text.NVIC_PriorityGroupConfig
                0x00000000       0x24 ..\obj\misc.o
 .text.NVIC_SetVectorTable
                0x00000000       0x2c ..\obj\misc.o
 .text.NVIC_SystemLPConfig
                0x00000000       0x40 ..\obj\misc.o
 .text.SysTick_CLKSourceConfig
                0x00000000       0x38 ..\obj\misc.o
 .text          0x00000000        0x0 ..\obj\stm32f4xx_tim.o
 .data          0x00000000        0x0 ..\obj\stm32f4xx_tim.o
 .bss           0x00000000        0x0 ..\obj\stm32f4xx_tim.o
 .text.TIM_DeInit
                0x00000000      0x1c0 ..\obj\stm32f4xx_tim.o
 .text.TIM_TimeBaseInit
                0x00000000       0xd4 ..\obj\stm32f4xx_tim.o
 .text.TIM_TimeBaseStructInit
                0x00000000       0x34 ..\obj\stm32f4xx_tim.o
 .text.TIM_PrescalerConfig
                0x00000000       0x28 ..\obj\stm32f4xx_tim.o
 .text.TIM_CounterModeConfig
                0x00000000       0x38 ..\obj\stm32f4xx_tim.o
 .text.TIM_SetCounter
                0x00000000       0x1c ..\obj\stm32f4xx_tim.o
 .text.TIM_SetAutoreload
                0x00000000       0x1c ..\obj\stm32f4xx_tim.o
 .text.TIM_GetCounter
                0x00000000       0x18 ..\obj\stm32f4xx_tim.o
 .text.TIM_GetPrescaler
                0x00000000       0x18 ..\obj\stm32f4xx_tim.o
 .text.TIM_UpdateDisableConfig
                0x00000000       0x40 ..\obj\stm32f4xx_tim.o
 .text.TIM_UpdateRequestConfig
                0x00000000       0x40 ..\obj\stm32f4xx_tim.o
 .text.TIM_ARRPreloadConfig
                0x00000000       0x40 ..\obj\stm32f4xx_tim.o
 .text.TIM_SelectOnePulseMode
                0x00000000       0x38 ..\obj\stm32f4xx_tim.o
 .text.TIM_SetClockDivision
                0x00000000       0x38 ..\obj\stm32f4xx_tim.o
 .text.TIM_Cmd  0x00000000       0x40 ..\obj\stm32f4xx_tim.o
 .text.TIM_OC1Init
                0x00000000       0xf4 ..\obj\stm32f4xx_tim.o
 .text.TIM_OC2Init
                0x00000000      0x110 ..\obj\stm32f4xx_tim.o
 .text.TIM_OC3Init
                0x00000000      0x10c ..\obj\stm32f4xx_tim.o
 .text.TIM_OC4Init
                0x00000000       0xcc ..\obj\stm32f4xx_tim.o
 .text.TIM_OCStructInit
                0x00000000       0x44 ..\obj\stm32f4xx_tim.o
 .text.TIM_SelectOCxM
                0x00000000       0xb0 ..\obj\stm32f4xx_tim.o
 .text.TIM_SetCompare1
                0x00000000       0x1c ..\obj\stm32f4xx_tim.o
 .text.TIM_SetCompare2
                0x00000000       0x1c ..\obj\stm32f4xx_tim.o
 .text.TIM_SetCompare3
                0x00000000       0x1c ..\obj\stm32f4xx_tim.o
 .text.TIM_SetCompare4
                0x00000000       0x1c ..\obj\stm32f4xx_tim.o
 .text.TIM_ForcedOC1Config
                0x00000000       0x38 ..\obj\stm32f4xx_tim.o
 .text.TIM_ForcedOC2Config
                0x00000000       0x3c ..\obj\stm32f4xx_tim.o
 .text.TIM_ForcedOC3Config
                0x00000000       0x38 ..\obj\stm32f4xx_tim.o
 .text.TIM_ForcedOC4Config
                0x00000000       0x3c ..\obj\stm32f4xx_tim.o
 .text.TIM_OC1PreloadConfig
                0x00000000       0x38 ..\obj\stm32f4xx_tim.o
 .text.TIM_OC2PreloadConfig
                0x00000000       0x3c ..\obj\stm32f4xx_tim.o
 .text.TIM_OC3PreloadConfig
                0x00000000       0x38 ..\obj\stm32f4xx_tim.o
 .text.TIM_OC4PreloadConfig
                0x00000000       0x3c ..\obj\stm32f4xx_tim.o
 .text.TIM_OC1FastConfig
                0x00000000       0x38 ..\obj\stm32f4xx_tim.o
 .text.TIM_OC2FastConfig
                0x00000000       0x3c ..\obj\stm32f4xx_tim.o
 .text.TIM_OC3FastConfig
                0x00000000       0x38 ..\obj\stm32f4xx_tim.o
 .text.TIM_OC4FastConfig
                0x00000000       0x3c ..\obj\stm32f4xx_tim.o
 .text.TIM_ClearOC1Ref
                0x00000000       0x38 ..\obj\stm32f4xx_tim.o
 .text.TIM_ClearOC2Ref
                0x00000000       0x3c ..\obj\stm32f4xx_tim.o
 .text.TIM_ClearOC3Ref
                0x00000000       0x38 ..\obj\stm32f4xx_tim.o
 .text.TIM_ClearOC4Ref
                0x00000000       0x3c ..\obj\stm32f4xx_tim.o
 .text.TIM_OC1PolarityConfig
                0x00000000       0x38 ..\obj\stm32f4xx_tim.o
 .text.TIM_OC1NPolarityConfig
                0x00000000       0x38 ..\obj\stm32f4xx_tim.o
 .text.TIM_OC2PolarityConfig
                0x00000000       0x3c ..\obj\stm32f4xx_tim.o
 .text.TIM_OC2NPolarityConfig
                0x00000000       0x3c ..\obj\stm32f4xx_tim.o
 .text.TIM_OC3PolarityConfig
                0x00000000       0x3c ..\obj\stm32f4xx_tim.o
 .text.TIM_OC3NPolarityConfig
                0x00000000       0x3c ..\obj\stm32f4xx_tim.o
 .text.TIM_OC4PolarityConfig
                0x00000000       0x3c ..\obj\stm32f4xx_tim.o
 .text.TIM_CCxCmd
                0x00000000       0x54 ..\obj\stm32f4xx_tim.o
 .text.TIM_CCxNCmd
                0x00000000       0x54 ..\obj\stm32f4xx_tim.o
 .text.TIM_ICInit
                0x00000000       0xa8 ..\obj\stm32f4xx_tim.o
 .text.TIM_ICStructInit
                0x00000000       0x30 ..\obj\stm32f4xx_tim.o
 .text.TIM_PWMIConfig
                0x00000000       0xb8 ..\obj\stm32f4xx_tim.o
 .text.TIM_GetCapture1
                0x00000000       0x18 ..\obj\stm32f4xx_tim.o
 .text.TIM_GetCapture2
                0x00000000       0x18 ..\obj\stm32f4xx_tim.o
 .text.TIM_GetCapture3
                0x00000000       0x18 ..\obj\stm32f4xx_tim.o
 .text.TIM_GetCapture4
                0x00000000       0x18 ..\obj\stm32f4xx_tim.o
 .text.TIM_SetIC1Prescaler
                0x00000000       0x38 ..\obj\stm32f4xx_tim.o
 .text.TIM_SetIC2Prescaler
                0x00000000       0x3c ..\obj\stm32f4xx_tim.o
 .text.TIM_SetIC3Prescaler
                0x00000000       0x38 ..\obj\stm32f4xx_tim.o
 .text.TIM_SetIC4Prescaler
                0x00000000       0x3c ..\obj\stm32f4xx_tim.o
 .text.TIM_BDTRConfig
                0x00000000       0x50 ..\obj\stm32f4xx_tim.o
 .text.TIM_BDTRStructInit
                0x00000000       0x3c ..\obj\stm32f4xx_tim.o
 .text.TIM_CtrlPWMOutputs
                0x00000000       0x4c ..\obj\stm32f4xx_tim.o
 .text.TIM_SelectCOM
                0x00000000       0x40 ..\obj\stm32f4xx_tim.o
 .text.TIM_CCPreloadControl
                0x00000000       0x40 ..\obj\stm32f4xx_tim.o
 .text.TIM_ITConfig
                0x00000000       0x48 ..\obj\stm32f4xx_tim.o
 .text.TIM_GenerateEvent
                0x00000000       0x1c ..\obj\stm32f4xx_tim.o
 .text.TIM_GetFlagStatus
                0x00000000       0x38 ..\obj\stm32f4xx_tim.o
 .text.TIM_ClearFlag
                0x00000000       0x20 ..\obj\stm32f4xx_tim.o
 .text.TIM_GetITStatus
                0x00000000       0x54 ..\obj\stm32f4xx_tim.o
 .text.TIM_ClearITPendingBit
                0x00000000       0x20 ..\obj\stm32f4xx_tim.o
 .text.TIM_DMAConfig
                0x00000000       0x28 ..\obj\stm32f4xx_tim.o
 .text.TIM_DMACmd
                0x00000000       0x48 ..\obj\stm32f4xx_tim.o
 .text.TIM_SelectCCDMA
                0x00000000       0x40 ..\obj\stm32f4xx_tim.o
 .text.TIM_InternalClockConfig
                0x00000000       0x24 ..\obj\stm32f4xx_tim.o
 .text.TIM_ITRxExternalClockConfig
                0x00000000       0x30 ..\obj\stm32f4xx_tim.o
 .text.TIM_TIxExternalClockConfig
                0x00000000       0x5c ..\obj\stm32f4xx_tim.o
 .text.TIM_ETRClockMode1Config
                0x00000000       0x60 ..\obj\stm32f4xx_tim.o
 .text.TIM_ETRClockMode2Config
                0x00000000       0x40 ..\obj\stm32f4xx_tim.o
 .text.TIM_SelectInputTrigger
                0x00000000       0x38 ..\obj\stm32f4xx_tim.o
 .text.TIM_SelectOutputTrigger
                0x00000000       0x38 ..\obj\stm32f4xx_tim.o
 .text.TIM_SelectSlaveMode
                0x00000000       0x38 ..\obj\stm32f4xx_tim.o
 .text.TIM_SelectMasterSlaveMode
                0x00000000       0x38 ..\obj\stm32f4xx_tim.o
 .text.TIM_ETRConfig
                0x00000000       0x54 ..\obj\stm32f4xx_tim.o
 .text.TIM_EncoderInterfaceConfig
                0x00000000       0x98 ..\obj\stm32f4xx_tim.o
 .text.TIM_SelectHallSensor
                0x00000000       0x40 ..\obj\stm32f4xx_tim.o
 .text.TIM_RemapConfig
                0x00000000       0x20 ..\obj\stm32f4xx_tim.o
 .text.TI1_Config
                0x00000000       0x84 ..\obj\stm32f4xx_tim.o
 .text.TI2_Config
                0x00000000       0x98 ..\obj\stm32f4xx_tim.o
 .text.TI3_Config
                0x00000000       0x90 ..\obj\stm32f4xx_tim.o
 .text.TI4_Config
                0x00000000       0x9c ..\obj\stm32f4xx_tim.o
 .debug_info    0x00000000     0x1c69 ..\obj\stm32f4xx_tim.o
 .debug_abbrev  0x00000000      0x189 ..\obj\stm32f4xx_tim.o
 .debug_aranges
                0x00000000      0x2f8 ..\obj\stm32f4xx_tim.o
 .debug_ranges  0x00000000      0x2e8 ..\obj\stm32f4xx_tim.o
 .debug_line    0x00000000      0xafd ..\obj\stm32f4xx_tim.o
 .debug_str     0x00000000      0xdd7 ..\obj\stm32f4xx_tim.o
 .comment       0x00000000       0x6f ..\obj\stm32f4xx_tim.o
 .debug_frame   0x00000000      0xe54 ..\obj\stm32f4xx_tim.o
 .ARM.attributes
                0x00000000       0x33 ..\obj\stm32f4xx_tim.o
 .data          0x00000000        0x0 c:/program files (x86)/gnu tools arm embedded/5.4 2016q3/bin/../lib/gcc/arm-none-eabi/5.4.1/armv7e-m\libgcc.a(_arm_addsubsf3.o)
 .bss           0x00000000        0x0 c:/program files (x86)/gnu tools arm embedded/5.4 2016q3/bin/../lib/gcc/arm-none-eabi/5.4.1/armv7e-m\libgcc.a(_arm_addsubsf3.o)
 .data          0x00000000        0x0 c:/program files (x86)/gnu tools arm embedded/5.4 2016q3/bin/../lib/gcc/arm-none-eabi/5.4.1/armv7e-m\libgcc.a(_arm_muldivsf3.o)
 .bss           0x00000000        0x0 c:/program files (x86)/gnu tools arm embedded/5.4 2016q3/bin/../lib/gcc/arm-none-eabi/5.4.1/armv7e-m\libgcc.a(_arm_muldivsf3.o)
 .data          0x00000000        0x0 c:/program files (x86)/gnu tools arm embedded/5.4 2016q3/bin/../lib/gcc/arm-none-eabi/5.4.1/armv7e-m\libgcc.a(_arm_cmpsf2.o)
 .bss           0x00000000        0x0 c:/program files (x86)/gnu tools arm embedded/5.4 2016q3/bin/../lib/gcc/arm-none-eabi/5.4.1/armv7e-m\libgcc.a(_arm_cmpsf2.o)

Memory Configuration

Name             Origin             Length             Attributes
rom              0x08000000         0x00100000         xr
ram              0x20000000         0x00020000         xrw
ram1             0x10000000         0x00010000         xrw
*default*        0x00000000         0xffffffff

Linker script and memory map

                0x20020000                _eram = 0x20020000

.text           0x08000000     0x1868
 *(.isr_vector .isr_vector.*)
 .isr_vector    0x08000000      0x188 ..\obj\startup_stm32f4xx.o
                0x08000000                g_pfnVectors
 *(.text .text.* .gnu.linkonce.t.*)
 .text.USART_Init
                0x08000188      0x174 ..\obj\stm32f4xx_usart.o
                0x08000188                USART_Init
 .text.USART_Cmd
                0x080002fc       0x40 ..\obj\stm32f4xx_usart.o
                0x080002fc                USART_Cmd
 .text.USART_ITConfig
                0x0800033c       0x90 ..\obj\stm32f4xx_usart.o
                0x0800033c                USART_ITConfig
 .text.USART_GetITStatus
                0x080003cc       0xb4 ..\obj\stm32f4xx_usart.o
                0x080003cc                USART_GetITStatus
 .text.Default_Reset_Handler
                0x08000480       0x5c ..\obj\startup_stm32f4xx.o
                0x08000480                Default_Reset_Handler
                0x08000480                Reset_Handler
 .text.Default_Handler
                0x080004dc        0x8 ..\obj\startup_stm32f4xx.o
                0x080004dc                RTC_Alarm_IRQHandler
                0x080004dc                HASH_RNG_IRQHandler
                0x080004dc                EXTI2_IRQHandler
                0x080004dc                TIM8_CC_IRQHandler
                0x080004dc                DebugMon_Handler
                0x080004dc                TIM1_CC_IRQHandler
                0x080004dc                DMA2_Stream5_IRQHandler
                0x080004dc                HardFault_Handler
                0x080004dc                DMA1_Stream5_IRQHandler
                0x080004dc                SysTick_Handler
                0x080004dc                PVD_IRQHandler
                0x080004dc                SDIO_IRQHandler
                0x080004dc                TAMP_STAMP_IRQHandler
                0x080004dc                PendSV_Handler
                0x080004dc                NMI_Handler
                0x080004dc                CAN2_RX1_IRQHandler
                0x080004dc                EXTI3_IRQHandler
                0x080004dc                TIM8_TRG_COM_TIM14_IRQHandler
                0x080004dc                TIM1_UP_TIM10_IRQHandler
                0x080004dc                TIM8_UP_TIM13_IRQHandler
                0x080004dc                I2C3_ER_IRQHandler
                0x080004dc                EXTI0_IRQHandler
                0x080004dc                I2C2_EV_IRQHandler
                0x080004dc                DMA1_Stream2_IRQHandler
                0x080004dc                CAN1_RX0_IRQHandler
                0x080004dc                FPU_IRQHandler
                0x080004dc                OTG_HS_WKUP_IRQHandler
                0x080004dc                UsageFault_Handler
                0x080004dc                CAN2_SCE_IRQHandler
                0x080004dc                DMA2_Stream2_IRQHandler
                0x080004dc                SPI1_IRQHandler
                0x080004dc                TIM6_DAC_IRQHandler
                0x080004dc                TIM1_BRK_TIM9_IRQHandler
                0x080004dc                DCMI_IRQHandler
                0x080004dc                CAN2_RX0_IRQHandler
                0x080004dc                DMA2_Stream3_IRQHandler
                0x080004dc                USART6_IRQHandler
                0x080004dc                CRYP_IRQHandler
                0x080004dc                CAN1_RX1_IRQHandler
                0x080004dc                UART5_IRQHandler
                0x080004dc                DMA2_Stream0_IRQHandler
                0x080004dc                TIM4_IRQHandler
                0x080004dc                I2C1_EV_IRQHandler
                0x080004dc                DMA1_Stream6_IRQHandler
                0x080004dc                DMA1_Stream1_IRQHandler
                0x080004dc                UART4_IRQHandler
                0x080004dc                TIM3_IRQHandler
                0x080004dc                RCC_IRQHandler
                0x080004dc                TIM8_BRK_TIM12_IRQHandler
                0x080004dc                EXTI15_10_IRQHandler
                0x080004dc                ADC_IRQHandler
                0x080004dc                DMA1_Stream7_IRQHandler
                0x080004dc                TIM7_IRQHandler
                0x080004dc                CAN2_TX_IRQHandler
                0x080004dc                TIM5_IRQHandler
                0x080004dc                DMA2_Stream7_IRQHandler
                0x080004dc                I2C3_EV_IRQHandler
                0x080004dc                EXTI9_5_IRQHandler
                0x080004dc                RTC_WKUP_IRQHandler
                0x080004dc                ETH_WKUP_IRQHandler
                0x080004dc                SPI2_IRQHandler
                0x080004dc                OTG_HS_EP1_IN_IRQHandler
                0x080004dc                MemManage_Handler
                0x080004dc                DMA1_Stream0_IRQHandler
                0x080004dc                CAN1_TX_IRQHandler
                0x080004dc                SVC_Handler
                0x080004dc                EXTI4_IRQHandler
                0x080004dc                FSMC_IRQHandler
                0x080004dc                ETH_IRQHandler
                0x080004dc                OTG_HS_EP1_OUT_IRQHandler
                0x080004dc                WWDG_IRQHandler
                0x080004dc                TIM2_IRQHandler
                0x080004dc                OTG_FS_WKUP_IRQHandler
                0x080004dc                TIM1_TRG_COM_TIM11_IRQHandler
                0x080004dc                OTG_HS_IRQHandler
                0x080004dc                EXTI1_IRQHandler
                0x080004dc                USART2_IRQHandler
                0x080004dc                I2C2_ER_IRQHandler
                0x080004dc                DMA2_Stream1_IRQHandler
                0x080004dc                CAN1_SCE_IRQHandler
                0x080004dc                FLASH_IRQHandler
                0x080004dc                DMA2_Stream4_IRQHandler
                0x080004dc                BusFault_Handler
                0x080004dc                USART1_IRQHandler
                0x080004dc                OTG_FS_IRQHandler
                0x080004dc                SPI3_IRQHandler
                0x080004dc                DMA1_Stream4_IRQHandler
                0x080004dc                I2C1_ER_IRQHandler
                0x080004dc                DMA2_Stream6_IRQHandler
                0x080004dc                DMA1_Stream3_IRQHandler
 .text.NVIC_EnableIRQ
                0x080004e4       0x30 ..\obj\main.o
 .text.USART3_IRQHandler
                0x08000514      0x1c0 ..\obj\main.o
                0x08000514                USART3_IRQHandler
 .text.main     0x080006d4      0x2c0 ..\obj\main.o
                0x080006d4                main
 .text.RCC_GetClocksFreq
                0x08000994      0x154 ..\obj\stm32f4xx_rcc.o
                0x08000994                RCC_GetClocksFreq
 .text.RCC_AHB1PeriphClockCmd
                0x08000ae8       0x3c ..\obj\stm32f4xx_rcc.o
                0x08000ae8                RCC_AHB1PeriphClockCmd
 .text.RCC_APB1PeriphClockCmd
                0x08000b24       0x3c ..\obj\stm32f4xx_rcc.o
                0x08000b24                RCC_APB1PeriphClockCmd
 .text.RCC_APB2PeriphClockCmd
                0x08000b60       0x3c ..\obj\stm32f4xx_rcc.o
                0x08000b60                RCC_APB2PeriphClockCmd
 .text.ADC_Init
                0x08000b9c       0xa8 ..\obj\stm32f4xx_adc.o
                0x08000b9c                ADC_Init
 .text.ADC_CommonInit
                0x08000c44       0x50 ..\obj\stm32f4xx_adc.o
                0x08000c44                ADC_CommonInit
 .text.ADC_Cmd  0x08000c94       0x38 ..\obj\stm32f4xx_adc.o
                0x08000c94                ADC_Cmd
 .text.ADC_RegularChannelConfig
                0x08000ccc      0x194 ..\obj\stm32f4xx_adc.o
                0x08000ccc                ADC_RegularChannelConfig
 .text.ADC_SoftwareStartConv
                0x08000e60       0x20 ..\obj\stm32f4xx_adc.o
                0x08000e60                ADC_SoftwareStartConv
 .text.ADC_GetConversionValue
                0x08000e80       0x18 ..\obj\stm32f4xx_adc.o
                0x08000e80                ADC_GetConversionValue
 .text.ADC_GetFlagStatus
                0x08000e98       0x34 ..\obj\stm32f4xx_adc.o
                0x08000e98                ADC_GetFlagStatus
 .text.GPIO_Init
                0x08000ecc      0x11c ..\obj\stm32f4xx_gpio.o
                0x08000ecc                GPIO_Init
 .text.GPIO_SetBits
                0x08000fe8       0x1c ..\obj\stm32f4xx_gpio.o
                0x08000fe8                GPIO_SetBits
 .text.GPIO_ResetBits
                0x08001004       0x1c ..\obj\stm32f4xx_gpio.o
                0x08001004                GPIO_ResetBits
 .text.GPIO_PinAFConfig
                0x08001020       0x90 ..\obj\stm32f4xx_gpio.o
                0x08001020                GPIO_PinAFConfig
 .text.SystemInit
                0x080010b0       0x5c ..\obj\system_stm32f4xx.o
                0x080010b0                SystemInit
 .text.SetSysClock
                0x0800110c       0xf4 ..\obj\system_stm32f4xx.o
 .text.NVIC_Init
                0x08001200       0xc0 ..\obj\misc.o
                0x08001200                NVIC_Init
 .text          0x080012c0      0x21c c:/program files (x86)/gnu tools arm embedded/5.4 2016q3/bin/../lib/gcc/arm-none-eabi/5.4.1/armv7e-m\libgcc.a(_arm_addsubsf3.o)
                0x080012c0                __aeabi_frsub
                0x080012c8                __subsf3
                0x080012c8                __aeabi_fsub
                0x080012cc                __aeabi_fadd
                0x080012cc                __addsf3
                0x0800142c                __aeabi_ui2f
                0x0800142c                __floatunsisf
                0x08001434                __aeabi_i2f
                0x08001434                __floatsisf
                0x08001450                __aeabi_ul2f
                0x08001450                __floatundisf
                0x08001460                __aeabi_l2f
                0x08001460                __floatdisf
 .text          0x080014dc      0x2a0 c:/program files (x86)/gnu tools arm embedded/5.4 2016q3/bin/../lib/gcc/arm-none-eabi/5.4.1/armv7e-m\libgcc.a(_arm_muldivsf3.o)
                0x080014dc                __mulsf3
                0x080014dc                __aeabi_fmul
                0x08001644                __aeabi_fdiv
                0x08001644                __divsf3
 .text          0x0800177c       0xec c:/program files (x86)/gnu tools arm embedded/5.4 2016q3/bin/../lib/gcc/arm-none-eabi/5.4.1/armv7e-m\libgcc.a(_arm_cmpsf2.o)
                0x0800177c                __gesf2
                0x0800177c                __gtsf2
                0x08001784                __lesf2
                0x08001784                __ltsf2
                0x0800178c                __nesf2
                0x0800178c                __eqsf2
                0x0800178c                __cmpsf2
                0x080017ec                __aeabi_cfrcmple
                0x080017f4                __aeabi_cfcmpeq
                0x080017f4                __aeabi_cfcmple
                0x08001804                __aeabi_fcmpeq
                0x08001818                __aeabi_fcmplt
                0x0800182c                __aeabi_fcmple
                0x08001840                __aeabi_fcmpge
                0x08001854                __aeabi_fcmpgt
 *(.glue_7t)
 .glue_7t       0x08001868        0x0 linker stubs
 *(.glue_7)
 .glue_7        0x08001868        0x0 linker stubs
 *(.rodata .rodata* .gnu.linkonce.r.*)

.vfp11_veneer   0x08001868        0x0
 .vfp11_veneer  0x08001868        0x0 linker stubs

.v4_bx          0x08001868        0x0
 .v4_bx         0x08001868        0x0 linker stubs

.iplt           0x08001868        0x0
 .iplt          0x08001868        0x0 ..\obj\stm32f4xx_syscfg.o

.rel.dyn        0x08001868        0x0
 .rel.iplt      0x08001868        0x0 ..\obj\stm32f4xx_syscfg.o

.ARM.extab
 *(.ARM.extab* .gnu.linkonce.armextab.*)
                0x08001868                __exidx_start = .

.ARM.exidx
 *(.ARM.exidx* .gnu.linkonce.armexidx.*)
                0x08001868                __exidx_end = .
                0x08001868                . = ALIGN (0x4)
                0x08001868                _etext = .
                0x08001868                _sidata = .

.data           0x20000000       0x18 load address 0x08001868
                0x20000000                _sdata = .
 *(.data .data.*)
 .data          0x20000000        0x8 ..\obj\main.o
                0x20000000                PL
                0x20000004                Dioda
 .data          0x20000008       0x10 ..\obj\stm32f4xx_rcc.o
                0x20000018                . = ALIGN (0x4)
                0x20000018                _edata = .

.igot.plt       0x20000018        0x0 load address 0x08001880
 .igot.plt      0x20000018        0x0 ..\obj\stm32f4xx_syscfg.o

.bss            0x20000018       0x1c load address 0x08001880
                0x20000018                _sbss = .
 *(.bss .bss.*)
 *(COMMON)
 COMMON         0x20000018       0x1c ..\obj\main.o
                0x20000018                ADC_Result1
                0x2000001c                temp
                0x20000020                Liczba1
                0x20000024                C
                0x20000028                ADC_Result2
                0x2000002c                Liczba2
                0x20000030                a
                0x20000034                . = ALIGN (0x4)
                0x20000034                _ebss = .

.co_stack       0x20000034      0x804 load address 0x0800189c
                0x20000038                . = ALIGN (0x8)
 *fill*         0x20000034        0x4 
 *(.co_stack .co_stack.*)
 .co_stack      0x20000038      0x800 ..\obj\startup_stm32f4xx.o
                0x20000038                pulStack
                0x20000838                . = ALIGN (0x4)
                0x20000838                _end = .
LOAD ..\obj\stm32f4xx_syscfg.o
LOAD ..\obj\stm32f4xx_usart.o
LOAD ..\obj\stm32f4xx_dac.o
LOAD ..\obj\startup_stm32f4xx.o
LOAD ..\obj\main.o
LOAD ..\obj\stm32f4xx_rcc.o
LOAD ..\obj\stm32f4xx_adc.o
LOAD ..\obj\stm32f4xx_gpio.o
LOAD ..\obj\system_stm32f4xx.o
LOAD ..\obj\syscalls.o
LOAD ..\obj\stm32f4xx_exti.o
LOAD ..\obj\misc.o
LOAD ..\obj\stm32f4xx_tim.o
START GROUP
LOAD c:/program files (x86)/gnu tools arm embedded/5.4 2016q3/bin/../lib/gcc/arm-none-eabi/5.4.1/armv7e-m\libgcc.a
LOAD c:/program files (x86)/gnu tools arm embedded/5.4 2016q3/bin/../lib/gcc/arm-none-eabi/5.4.1/../../../../arm-none-eabi/lib/armv7e-m\libg.a
LOAD c:/program files (x86)/gnu tools arm embedded/5.4 2016q3/bin/../lib/gcc/arm-none-eabi/5.4.1/../../../../arm-none-eabi/lib/armv7e-m\libc.a
END GROUP
OUTPUT(KolokwiumDAC.elf elf32-littlearm)

.debug_info     0x00000000     0x3f49
 .debug_info    0x00000000      0x9ca ..\obj\stm32f4xx_usart.o
 .debug_info    0x000009ca       0xf2 ..\obj\startup_stm32f4xx.o
 .debug_info    0x00000abc      0xab5 ..\obj\main.o
 .debug_info    0x00001571      0xc63 ..\obj\stm32f4xx_rcc.o
 .debug_info    0x000021d4      0xc40 ..\obj\stm32f4xx_adc.o
 .debug_info    0x00002e14      0x61a ..\obj\stm32f4xx_gpio.o
 .debug_info    0x0000342e      0x5c5 ..\obj\system_stm32f4xx.o
 .debug_info    0x000039f3      0x556 ..\obj\misc.o

.debug_abbrev   0x00000000      0xb69
 .debug_abbrev  0x00000000      0x157 ..\obj\stm32f4xx_usart.o
 .debug_abbrev  0x00000157       0xb0 ..\obj\startup_stm32f4xx.o
 .debug_abbrev  0x00000207      0x1bf ..\obj\main.o
 .debug_abbrev  0x000003c6      0x1e5 ..\obj\stm32f4xx_rcc.o
 .debug_abbrev  0x000005ab      0x198 ..\obj\stm32f4xx_adc.o
 .debug_abbrev  0x00000743      0x1a7 ..\obj\stm32f4xx_gpio.o
 .debug_abbrev  0x000008ea      0x138 ..\obj\system_stm32f4xx.o
 .debug_abbrev  0x00000a22      0x147 ..\obj\misc.o

.debug_aranges  0x00000000      0x510
 .debug_aranges
                0x00000000      0x100 ..\obj\stm32f4xx_usart.o
 .debug_aranges
                0x00000100       0x28 ..\obj\startup_stm32f4xx.o
 .debug_aranges
                0x00000128       0x30 ..\obj\main.o
 .debug_aranges
                0x00000158      0x178 ..\obj\stm32f4xx_rcc.o
 .debug_aranges
                0x000002d0      0x148 ..\obj\stm32f4xx_adc.o
 .debug_aranges
                0x00000418       0x88 ..\obj\stm32f4xx_gpio.o
 .debug_aranges
                0x000004a0       0x30 ..\obj\system_stm32f4xx.o
 .debug_aranges
                0x000004d0       0x40 ..\obj\misc.o

.debug_ranges   0x00000000      0x490
 .debug_ranges  0x00000000       0xf0 ..\obj\stm32f4xx_usart.o
 .debug_ranges  0x000000f0       0x18 ..\obj\startup_stm32f4xx.o
 .debug_ranges  0x00000108       0x20 ..\obj\main.o
 .debug_ranges  0x00000128      0x168 ..\obj\stm32f4xx_rcc.o
 .debug_ranges  0x00000290      0x138 ..\obj\stm32f4xx_adc.o
 .debug_ranges  0x000003c8       0x78 ..\obj\stm32f4xx_gpio.o
 .debug_ranges  0x00000440       0x20 ..\obj\system_stm32f4xx.o
 .debug_ranges  0x00000460       0x30 ..\obj\misc.o

.debug_line     0x00000000     0x1c2b
 .debug_line    0x00000000      0x4f5 ..\obj\stm32f4xx_usart.o
 .debug_line    0x000004f5       0xa8 ..\obj\startup_stm32f4xx.o
 .debug_line    0x0000059d      0x2ee ..\obj\main.o
 .debug_line    0x0000088b      0x5e1 ..\obj\stm32f4xx_rcc.o
 .debug_line    0x00000e6c      0x599 ..\obj\stm32f4xx_adc.o
 .debug_line    0x00001405      0x39c ..\obj\stm32f4xx_gpio.o
 .debug_line    0x000017a1      0x210 ..\obj\system_stm32f4xx.o
 .debug_line    0x000019b1      0x27a ..\obj\misc.o

.debug_str      0x00000000     0x1f6a
 .debug_str     0x00000000      0x61b ..\obj\stm32f4xx_usart.o
                                0x696 (size before relaxing)
 .debug_str     0x0000061b       0xb7 ..\obj\startup_stm32f4xx.o
                                0x14e (size before relaxing)
 .debug_str     0x000006d2      0x9bc ..\obj\main.o
                                0xc19 (size before relaxing)
 .debug_str     0x0000108e      0x5ea ..\obj\stm32f4xx_rcc.o
                                0x857 (size before relaxing)
 .debug_str     0x00001678      0x4fe ..\obj\stm32f4xx_adc.o
                                0x80b (size before relaxing)
 .debug_str     0x00001b76      0x1a5 ..\obj\stm32f4xx_gpio.o
                                0x4aa (size before relaxing)
 .debug_str     0x00001d1b      0x11f ..\obj\system_stm32f4xx.o
                                0x3b1 (size before relaxing)
 .debug_str     0x00001e3a      0x130 ..\obj\misc.o
                                0x3d5 (size before relaxing)

.comment        0x00000000       0x6e
 .comment       0x00000000       0x6e ..\obj\stm32f4xx_usart.o
                                 0x6f (size before relaxing)
 .comment       0x0000006e       0x6f ..\obj\startup_stm32f4xx.o
 .comment       0x0000006e       0x6f ..\obj\main.o
 .comment       0x0000006e       0x6f ..\obj\stm32f4xx_rcc.o
 .comment       0x0000006e       0x6f ..\obj\stm32f4xx_adc.o
 .comment       0x0000006e       0x6f ..\obj\stm32f4xx_gpio.o
 .comment       0x0000006e       0x6f ..\obj\system_stm32f4xx.o
 .comment       0x0000006e       0x6f ..\obj\misc.o

.ARM.attributes
                0x00000000       0x33
 .ARM.attributes
                0x00000000       0x33 ..\obj\stm32f4xx_usart.o
 .ARM.attributes
                0x00000033       0x33 ..\obj\startup_stm32f4xx.o
 .ARM.attributes
                0x00000066       0x33 ..\obj\main.o
 .ARM.attributes
                0x00000099       0x33 ..\obj\stm32f4xx_rcc.o
 .ARM.attributes
                0x000000cc       0x33 ..\obj\stm32f4xx_adc.o
 .ARM.attributes
                0x000000ff       0x33 ..\obj\stm32f4xx_gpio.o
 .ARM.attributes
                0x00000132       0x33 ..\obj\system_stm32f4xx.o
 .ARM.attributes
                0x00000165       0x33 ..\obj\misc.o
 .ARM.attributes
                0x00000198       0x1e c:/program files (x86)/gnu tools arm embedded/5.4 2016q3/bin/../lib/gcc/arm-none-eabi/5.4.1/armv7e-m\libgcc.a(_arm_addsubsf3.o)
 .ARM.attributes
                0x000001b6       0x1e c:/program files (x86)/gnu tools arm embedded/5.4 2016q3/bin/../lib/gcc/arm-none-eabi/5.4.1/armv7e-m\libgcc.a(_arm_muldivsf3.o)
 .ARM.attributes
                0x000001d4       0x1e c:/program files (x86)/gnu tools arm embedded/5.4 2016q3/bin/../lib/gcc/arm-none-eabi/5.4.1/armv7e-m\libgcc.a(_arm_cmpsf2.o)

.debug_frame    0x00000000     0x15a0
 .debug_frame   0x00000000      0x490 ..\obj\stm32f4xx_usart.o
 .debug_frame   0x00000490       0x4c ..\obj\startup_stm32f4xx.o
 .debug_frame   0x000004dc       0x74 ..\obj\main.o
 .debug_frame   0x00000550      0x6d4 ..\obj\stm32f4xx_rcc.o
 .debug_frame   0x00000c24      0x5ec ..\obj\stm32f4xx_adc.o
 .debug_frame   0x00001210      0x23c ..\obj\stm32f4xx_gpio.o
 .debug_frame   0x0000144c       0x7c ..\obj\system_stm32f4xx.o
 .debug_frame   0x000014c8       0xd8 ..\obj\misc.o
